"Header 1","Header 2","Header 3"
"Cell 1 ""with quotes""","Cell 2 with line break 1
line break 2","Cell 3"
